开始: 2026-09-15T10:15:37+08:00
模型: /home/linaro/rknn/models/resnet18/resnet18_for_rk3588.rknn
图片: /home/linaro/rknn/models/resnet18/space_shuttle_224.jpg   pass_through=0
预热 5s / 计时 30s / 冷却 10s / 5 轮交错 / 线程 3,6,9,12,8
=== round 1  threads=3  10:15:38 ===
RESULT threads=3 warmup=5 seconds=30 frames=22340 elapsed=30.000 fps=744.67
CHECKSUM out0_size=1000 out0_sum=-70014 out0_nz=1000
    温度: 29615
=== round 1  threads=6  10:16:25 ===
RESULT threads=6 warmup=5 seconds=30 frames=22829 elapsed=30.000 fps=760.97
CHECKSUM out0_size=1000 out0_sum=-70014 out0_nz=1000
    温度: 28692
=== round 1  threads=9  10:17:11 ===
RESULT threads=9 warmup=5 seconds=30 frames=22770 elapsed=30.000 fps=759.00
CHECKSUM out0_size=1000 out0_sum=-70014 out0_nz=1000
    温度: 28692
=== round 1  threads=12  10:17:57 ===
RESULT threads=12 warmup=5 seconds=30 frames=22742 elapsed=30.000 fps=758.07
CHECKSUM out0_size=1000 out0_sum=-70014 out0_nz=1000
    温度: 28692
=== round 1  threads=8  10:18:44 ===
RESULT threads=8 warmup=5 seconds=30 frames=22777 elapsed=30.000 fps=759.23
CHECKSUM out0_size=1000 out0_sum=-70014 out0_nz=1000
    温度: 28692
=== round 2  threads=3  10:19:30 ===
RESULT threads=3 warmup=5 seconds=30 frames=22299 elapsed=30.000 fps=743.30
CHECKSUM out0_size=1000 out0_sum=-70014 out0_nz=1000
    温度: 28692
=== round 2  threads=6  10:20:16 ===
RESULT threads=6 warmup=5 seconds=30 frames=22833 elapsed=30.000 fps=761.10
CHECKSUM out0_size=1000 out0_sum=-70014 out0_nz=1000
    温度: 28692
=== round 2  threads=9  10:21:03 ===
RESULT threads=9 warmup=5 seconds=30 frames=22800 elapsed=30.000 fps=760.00
CHECKSUM out0_size=1000 out0_sum=-70014 out0_nz=1000
    温度: 28692
=== round 2  threads=12  10:21:49 ===
RESULT threads=12 warmup=5 seconds=30 frames=22744 elapsed=30.000 fps=758.13
CHECKSUM out0_size=1000 out0_sum=-70014 out0_nz=1000
    温度: 28692
=== round 2  threads=8  10:22:35 ===
RESULT threads=8 warmup=5 seconds=30 frames=22845 elapsed=30.000 fps=761.50
CHECKSUM out0_size=1000 out0_sum=-70014 out0_nz=1000
    温度: 28692
=== round 3  threads=3  10:23:22 ===
RESULT threads=3 warmup=5 seconds=30 frames=22296 elapsed=30.000 fps=743.20
CHECKSUM out0_size=1000 out0_sum=-70014 out0_nz=1000
    温度: 28692
=== round 3  threads=6  10:24:08 ===
RESULT threads=6 warmup=5 seconds=30 frames=22834 elapsed=30.000 fps=761.13
CHECKSUM out0_size=1000 out0_sum=-70014 out0_nz=1000
    温度: 28692
=== round 3  threads=9  10:24:54 ===
RESULT threads=9 warmup=5 seconds=30 frames=22816 elapsed=30.000 fps=760.53
CHECKSUM out0_size=1000 out0_sum=-70014 out0_nz=1000
    温度: 28692
=== round 3  threads=12  10:25:40 ===
RESULT threads=12 warmup=5 seconds=30 frames=22737 elapsed=30.000 fps=757.90
CHECKSUM out0_size=1000 out0_sum=-70014 out0_nz=1000
    温度: 29615
=== round 3  threads=8  10:26:27 ===
RESULT threads=8 warmup=5 seconds=30 frames=22840 elapsed=30.000 fps=761.33
CHECKSUM out0_size=1000 out0_sum=-70014 out0_nz=1000
    温度: 28692
=== round 4  threads=3  10:27:13 ===
RESULT threads=3 warmup=5 seconds=30 frames=22301 elapsed=30.000 fps=743.37
CHECKSUM out0_size=1000 out0_sum=-70014 out0_nz=1000
    温度: 28692
=== round 4  threads=6  10:27:59 ===
RESULT threads=6 warmup=5 seconds=30 frames=22843 elapsed=30.000 fps=761.43
CHECKSUM out0_size=1000 out0_sum=-70014 out0_nz=1000
    温度: 28692
=== round 4  threads=9  10:28:46 ===
RESULT threads=9 warmup=5 seconds=30 frames=22781 elapsed=30.000 fps=759.37
CHECKSUM out0_size=1000 out0_sum=-70014 out0_nz=1000
    温度: 28692
=== round 4  threads=12  10:29:32 ===
RESULT threads=12 warmup=5 seconds=30 frames=22752 elapsed=30.000 fps=758.40
CHECKSUM out0_size=1000 out0_sum=-70014 out0_nz=1000
    温度: 28692
=== round 4  threads=8  10:30:18 ===
RESULT threads=8 warmup=5 seconds=30 frames=22844 elapsed=30.000 fps=761.47
CHECKSUM out0_size=1000 out0_sum=-70014 out0_nz=1000
    温度: 28692
=== round 5  threads=3  10:31:05 ===
RESULT threads=3 warmup=5 seconds=30 frames=22300 elapsed=30.000 fps=743.33
CHECKSUM out0_size=1000 out0_sum=-70014 out0_nz=1000
    温度: 28692
=== round 5  threads=6  10:31:51 ===
RESULT threads=6 warmup=5 seconds=30 frames=22833 elapsed=30.000 fps=761.10
CHECKSUM out0_size=1000 out0_sum=-70014 out0_nz=1000
    温度: 28692
=== round 5  threads=9  10:32:37 ===
RESULT threads=9 warmup=5 seconds=30 frames=22802 elapsed=30.000 fps=760.07
CHECKSUM out0_size=1000 out0_sum=-70014 out0_nz=1000
    温度: 28692
=== round 5  threads=12  10:33:24 ===
RESULT threads=12 warmup=5 seconds=30 frames=22737 elapsed=30.000 fps=757.90
CHECKSUM out0_size=1000 out0_sum=-70014 out0_nz=1000
    温度: 28692
=== round 5  threads=8  10:34:10 ===
RESULT threads=8 warmup=5 seconds=30 frames=22842 elapsed=30.000 fps=761.40
CHECKSUM out0_size=1000 out0_sum=-70014 out0_nz=1000
    温度: 28692
结束: 2026-09-15T10:34:55+08:00
